// Jest Snapshot v1, https://goo.gl/fbAQLP

exports[`codegen codegen 1`] = `"return function render (_ctx, _cache){return 'hi'}"`;
